stm32f7xx_it.c:75:6:NMI_Handler	4	static
stm32f7xx_it.c:90:6:HardFault_Handler	8	static
stm32f7xx_it.c:106:6:MemManage_Handler	4	static
stm32f7xx_it.c:121:6:BusFault_Handler	4	static
stm32f7xx_it.c:136:6:UsageFault_Handler	4	static
stm32f7xx_it.c:151:6:SVC_Handler	4	static
stm32f7xx_it.c:164:6:DebugMon_Handler	4	static
stm32f7xx_it.c:177:6:PendSV_Handler	4	static
stm32f7xx_it.c:190:6:SysTick_Handler	8	static
stm32f7xx_it.c:211:6:ADC_IRQHandler	4	static
stm32f7xx_it.c:243:6:TIM6_DAC_IRQHandler	4	static
stm32f7xx_it.c:267:6:DMA2_Stream0_IRQHandler	8	static
stm32f7xx_it.c:310:6:DMA2_Stream1_IRQHandler	8	static
stm32f7xx_it.c:353:6:DMA2_Stream2_IRQHandler	8	static
